// Jest Snapshot v1, https://goo.gl/fbAQLP

exports[`ReturnDeliveryConfirmationPopup Component should match snapshot 1`] = `
<div>
  <div
    style="position: fixed; width: 0px; height: 0px; top: 0px; left: 0px; z-index: 99999999;"
  >
    <div
      style="position: fixed; left: 0px; right: 0px; top: 0px; bottom: 0px; z-index: 0; opacity: 1; transition: opacity 0.2s ease-out; background: white;"
    />
    <div
      style="position: fixed; z-index: 1; box-shadow: 0 0 4px rgba(0, 0, 0, 0.3); background: white; left: 25%; top: 0px; width: 50%; height: 768px; transition: left 0.2s ease-out,top 0.2s ease-out,width 0.2s ease-out,height 0.2s ease-out;"
    >
      <div
        style="position: absolute; z-index: 2; opacity: 0; top: -5px; height: 10px; left: 0px; width: 100%; cursor: row-resize;"
      />
      <div
        style="width: 100%; height: 100%; overflow: auto;"
      >
        <div
          class="sc-bczRLJ sc-gsnTZi haujOk hzPtvw"
          font-size="18px"
          height="67px"
        >
          <img
            alt="Dock Close"
            class="sc-bczRLJ FYQvo"
            src="Icon_Back.svg"
          />
          <div
            class="sc-bczRLJ flhfNA"
            color="black"
            font-size="18px"
          >
            Return Delivery
          </div>
        </div>
        <div
          class="sc-bczRLJ kejCFv"
          display="grid"
        >
          <div
            class="sc-bczRLJ sc-gsnTZi ecSAXF hzPtvw"
            height="173px"
          >
            <div
              class="sc-bczRLJ sc-gsnTZi hUPHzA hzPtvw"
            >
              <div
                class="sc-bczRLJ IYlGL"
                font-size="20px"
              >
                I'll schedule my return delivery now
              </div>
              <img
                alt="Blue Van"
                class="sc-bczRLJ gMaQII"
                src="Blue_Van.svg"
                width="110px"
              />
            </div>
            <button
              class="sc-bczRLJ cGXRXt"
              font-family="primary"
              font-size="16px"
              width="100%"
            >
              Schedule Delivery Now
            </button>
          </div>
          <div
            class="sc-bczRLJ sc-gsnTZi ecSAXF hzPtvw"
            height="173px"
          >
            <div
              class="sc-bczRLJ sc-gsnTZi hUPHzA hzPtvw"
            >
              <div
                class="sc-bczRLJ IYlGL"
                font-size="20px"
              >
                Text me when it's ready
                 (est. 
                12
                 hrs)
              </div>
              <img
                alt="Turnaround time without hand"
                class="sc-bczRLJ gMaQII"
                src="TurnaroundTime_WithoutHand.svg"
                width="110px"
              />
            </div>
            <button
              class="sc-bczRLJ cGXRXt"
              font-family="primary"
              font-size="16px"
              width="100%"
            >
              Schedule Delivery Later
            </button>
          </div>
        </div>
      </div>
    </div>
  </div>
</div>
`;
