// Jest Snapshot v1, https://goo.gl/fbAQLP

exports[`DeliveryScheduledPopup Component should match snaphot 1`] = `
<div>
  <div
    style="position: fixed; width: 0px; height: 0px; top: 0px; left: 0px; z-index: 99999999;"
  >
    <div
      style="position: fixed; left: 0px; right: 0px; top: 0px; bottom: 0px; z-index: 0; opacity: 1; transition: opacity 0.2s ease-out; background: white;"
    />
    <div
      style="position: fixed; z-index: 1; box-shadow: 0 0 4px rgba(0, 0, 0, 0.3); background: white; left: 25%; top: 0px; width: 50%; height: 768px; transition: left 0.2s ease-out,top 0.2s ease-out,width 0.2s ease-out,height 0.2s ease-out;"
    >
      <div
        style="position: absolute; z-index: 2; opacity: 0; top: -5px; height: 10px; left: 0px; width: 100%; cursor: row-resize;"
      />
      <div
        style="width: 100%; height: 100%; overflow: auto;"
      >
        <div
          class="sc-bczRLJ sc-gsnTZi haujOk hzPtvw"
          font-size="18px"
          height="67px"
        >
          <img
            alt="Dock Close"
            class="sc-bczRLJ FYQvo"
            src="Icon_Back.svg"
          />
          <div
            class="sc-bczRLJ fmojba"
            color="#3D98FF"
            font-size="18px"
          >
            Your order has been left at your door
          </div>
        </div>
        <div
          class="sc-bczRLJ sc-gsnTZi ielmAb hzPtvw"
          width="100%"
        >
          <img
            alt="Image At The Door"
            class="sc-bczRLJ iQjTFr"
            src="https://cdn.filestackcontent.com/u1tDDno0S1qbHRVOIm47"
            style="width: 120px;"
          />
        </div>
      </div>
    </div>
  </div>
</div>
`;
