// Jest Snapshot v1, https://goo.gl/fbAQLP

exports[`Testing ExistingSubscription Component Test existing subscription component UI snapshot 1`] = `
Object {
  "asFragment": [Function],
  "baseElement": <body
    style="overflow: hidden;"
  >
    <div>
      <div
        style="position: fixed; width: 0px; height: 0px; top: 0px; left: 0px; z-index: 99999999;"
      >
        <div
          style="position: fixed; left: 0px; right: 0px; top: 0px; bottom: 0px; z-index: 0; opacity: 1; transition: opacity 0.2s ease-out; background: white;"
        />
        <div
          style="position: fixed; z-index: 1; box-shadow: 0 0 4px rgba(0, 0, 0, 0.3); background: white; left: 25%; top: 0px; width: 50%; height: 768px; transition: left 0.2s ease-out,top 0.2s ease-out,width 0.2s ease-out,height 0.2s ease-out;"
        >
          <div
            style="position: absolute; z-index: 2; opacity: 0; top: -5px; height: 10px; left: 0px; width: 100%; cursor: row-resize;"
          />
          <div
            style="width: 100%; height: 100%; overflow: auto;"
          >
            <div
              class="sc-bczRLJ sc-gsnTZi tmhJc hzPtvw"
            >
              <div
                class="sc-bczRLJ sc-gsnTZi dXYuPw hzPtvw"
              >
                <div
                  class="sc-bczRLJ aQXOc"
                  color="primary"
                  font-weight="700"
                >
                  You have an existing recurring order
                </div>
              </div>
              <div
                class="sc-bczRLJ sc-gsnTZi cxsUhz hzPtvw"
              >
                <div
                  class="sc-bczRLJ sc-gsnTZi inRGnP hzPtvw"
                  width="100%"
                >
                  <div
                    class="sc-bczRLJ bTkovy"
                    color="black"
                    font-family="secondary"
                    font-size="18px"
                  />
                </div>
                <div
                  class="sc-bczRLJ sc-gsnTZi hpjsKU hzPtvw"
                  width="100%"
                >
                  <div
                    class="sc-bczRLJ dYIJvR"
                    color="BLACK"
                    font-size="24px"
                    font-weight="900"
                  >
                    Next pickup scheduled for
                  </div>
                  <div
                    class="sc-bczRLJ dYIJvR"
                    color="BLACK"
                    font-size="24px"
                    font-weight="900"
                  />
                </div>
                <div
                  class="sc-bczRLJ sc-gsnTZi inRGnP hzPtvw"
                  width="100%"
                >
                  <div
                    class="sc-bczRLJ iwVVky"
                    color="black"
                    font-family="secondary"
                    font-size="18px"
                  >
                    , 
                  </div>
                </div>
              </div>
              <div
                class="sc-bczRLJ sc-gsnTZi jgepW hzPtvw"
              >
                <div
                  class="sc-bczRLJ lhGPIT"
                  color="primary"
                  font-weight="500"
                >
                  View existing recurring order
                  
                </div>
              </div>
              <div
                class="sc-bczRLJ sc-gsnTZi cYXLjH hzPtvw"
                width="100%"
              >
                <button
                  class="sc-bczRLJ cQxld"
                  font-family="primary"
                  font-size="16px"
                  height="62px"
                  width="48%"
                >
                  CANCEL
                </button>
                <button
                  class="sc-bczRLJ fAfCNU"
                  font-size="16px"
                  height="62px"
                  width="100%"
                >
                  START NEW ORDER
                </button>
              </div>
            </div>
          </div>
        </div>
      </div>
    </div>
  </body>,
  "container": <div>
    <div
      style="position: fixed; width: 0px; height: 0px; top: 0px; left: 0px; z-index: 99999999;"
    >
      <div
        style="position: fixed; left: 0px; right: 0px; top: 0px; bottom: 0px; z-index: 0; opacity: 1; transition: opacity 0.2s ease-out; background: white;"
      />
      <div
        style="position: fixed; z-index: 1; box-shadow: 0 0 4px rgba(0, 0, 0, 0.3); background: white; left: 25%; top: 0px; width: 50%; height: 768px; transition: left 0.2s ease-out,top 0.2s ease-out,width 0.2s ease-out,height 0.2s ease-out;"
      >
        <div
          style="position: absolute; z-index: 2; opacity: 0; top: -5px; height: 10px; left: 0px; width: 100%; cursor: row-resize;"
        />
        <div
          style="width: 100%; height: 100%; overflow: auto;"
        >
          <div
            class="sc-bczRLJ sc-gsnTZi tmhJc hzPtvw"
          >
            <div
              class="sc-bczRLJ sc-gsnTZi dXYuPw hzPtvw"
            >
              <div
                class="sc-bczRLJ aQXOc"
                color="primary"
                font-weight="700"
              >
                You have an existing recurring order
              </div>
            </div>
            <div
              class="sc-bczRLJ sc-gsnTZi cxsUhz hzPtvw"
            >
              <div
                class="sc-bczRLJ sc-gsnTZi inRGnP hzPtvw"
                width="100%"
              >
                <div
                  class="sc-bczRLJ bTkovy"
                  color="black"
                  font-family="secondary"
                  font-size="18px"
                />
              </div>
              <div
                class="sc-bczRLJ sc-gsnTZi hpjsKU hzPtvw"
                width="100%"
              >
                <div
                  class="sc-bczRLJ dYIJvR"
                  color="BLACK"
                  font-size="24px"
                  font-weight="900"
                >
                  Next pickup scheduled for
                </div>
                <div
                  class="sc-bczRLJ dYIJvR"
                  color="BLACK"
                  font-size="24px"
                  font-weight="900"
                />
              </div>
              <div
                class="sc-bczRLJ sc-gsnTZi inRGnP hzPtvw"
                width="100%"
              >
                <div
                  class="sc-bczRLJ iwVVky"
                  color="black"
                  font-family="secondary"
                  font-size="18px"
                >
                  , 
                </div>
              </div>
            </div>
            <div
              class="sc-bczRLJ sc-gsnTZi jgepW hzPtvw"
            >
              <div
                class="sc-bczRLJ lhGPIT"
                color="primary"
                font-weight="500"
              >
                View existing recurring order
                
              </div>
            </div>
            <div
              class="sc-bczRLJ sc-gsnTZi cYXLjH hzPtvw"
              width="100%"
            >
              <button
                class="sc-bczRLJ cQxld"
                font-family="primary"
                font-size="16px"
                height="62px"
                width="48%"
              >
                CANCEL
              </button>
              <button
                class="sc-bczRLJ fAfCNU"
                font-size="16px"
                height="62px"
                width="100%"
              >
                START NEW ORDER
              </button>
            </div>
          </div>
        </div>
      </div>
    </div>
  </div>,
  "debug": [Function],
  "findAllByAltText": [Function],
  "findAllByDisplayValue": [Function],
  "findAllByLabelText": [Function],
  "findAllByPlaceholderText": [Function],
  "findAllByRole": [Function],
  "findAllByTestId": [Function],
  "findAllByText": [Function],
  "findAllByTitle": [Function],
  "findByAltText": [Function],
  "findByDisplayValue": [Function],
  "findByLabelText": [Function],
  "findByPlaceholderText": [Function],
  "findByRole": [Function],
  "findByTestId": [Function],
  "findByText": [Function],
  "findByTitle": [Function],
  "getAllByAltText": [Function],
  "getAllByDisplayValue": [Function],
  "getAllByLabelText": [Function],
  "getAllByPlaceholderText": [Function],
  "getAllByRole": [Function],
  "getAllByTestId": [Function],
  "getAllByText": [Function],
  "getAllByTitle": [Function],
  "getByAltText": [Function],
  "getByDisplayValue": [Function],
  "getByLabelText": [Function],
  "getByPlaceholderText": [Function],
  "getByRole": [Function],
  "getByTestId": [Function],
  "getByText": [Function],
  "getByTitle": [Function],
  "queryAllByAltText": [Function],
  "queryAllByDisplayValue": [Function],
  "queryAllByLabelText": [Function],
  "queryAllByPlaceholderText": [Function],
  "queryAllByRole": [Function],
  "queryAllByTestId": [Function],
  "queryAllByText": [Function],
  "queryAllByTitle": [Function],
  "queryByAltText": [Function],
  "queryByDisplayValue": [Function],
  "queryByLabelText": [Function],
  "queryByPlaceholderText": [Function],
  "queryByRole": [Function],
  "queryByTestId": [Function],
  "queryByText": [Function],
  "queryByTitle": [Function],
  "rerender": [Function],
  "unmount": [Function],
}
`;
